<html>
<body>
<pre>
<h1>µVision Build Log</h1>
<h2>Project:</h2>
E:\STM32\SysTick\USART.uvproj
Project File Date:  12/10/2015

<h2>Output:</h2>
Rebuild target 'Target 1'
assembling startup_stm32f10x_hd.s...
compiling core_cm3.c...
compiling system_stm32f10x.c...
compiling misc.c...
compiling stm32f10x_gpio.c...
compiling stm32f10x_rcc.c...
compiling stm32f10x_flash.c...
compiling stm32f10x_usart.c...
compiling stm32f10x_exti.c...
compiling stm32f10x_it.c...
compiling main.c...
User\main.c(15): warning:  #177-D: variable "sec" was declared but never referenced
        u8 sec,min;
User\main.c(15): warning:  #177-D: variable "min" was declared but never referenced
        u8 sec,min;
User\main.c(238): warning:  #1-D: last line of file ends without a newline
  }
User\main.c: 3 warnings, 0 errors
linking...
Program Size: Code=6640 RO-data=336 RW-data=48 ZI-data=1024  
FromELF: creating hex file...
".\Output\Systick.axf" - 0 Error(s), 3 Warning(s).
</pre>
</body>
</html>
tput\\USART.axf" 
Erase Done.
Programming Done.
Verify OK.
g and 1 error messages.
".\Output\USART.axf" - 1 Error(s), 3 Warning(s).
Target not created
Load "E:\\STM32\\SysTick\\Output\\USART.axf" 
_____^
*** error 56: cannot open file
Error: Flash Download failed  -  Could not load file 'E:\STM32\SysTick\Output\USART.axf'
